❯ Building...
✔ Building...
Initial chunk files | Names                       |  Raw size
styles.css          | styles                      | 394.72 kB | 
scripts.js          | scripts                     | 107.73 kB | 
main.js             | main                        |  41.97 kB | 
chunk-7UZEC5QP.js   | -                           |   7.42 kB | 
chunk-2YONYJWI.js   | -                           |   2.72 kB | 
chunk-J7QKNRMF.js   | -                           |   1.97 kB | 
chunk-5LA5TX4N.js   | -                           |   1.96 kB | 
chunk-YKZCHWHB.js   | -                           |   1.74 kB | 
chunk-Y5RQAIA6.js   | -                           |   1.50 kB | 
chunk-WR7TEJAV.js   | -                           |   1.46 kB | 
chunk-55PBD3FZ.js   | -                           | 266 bytes | 
polyfills.js        | polyfills                   |  95 bytes | 

                    | Initial total               | 563.54 kB

Lazy chunk files    | Names                       |  Raw size
chunk-UBDPN4VW.js   | records-list-component      | 144.27 kB | 
chunk-QTGNWPLY.js   | form-detail-component       | 134.56 kB | 
chunk-F4YTT3RJ.js   | shell-component             | 129.57 kB | 
chunk-C4OBA2Y4.js   | invoice-detail-component    |  98.89 kB | 
chunk-XRK2FYEP.js   | whatsapp-settings-component |  98.19 kB | 
chunk-4TDXFBNV.js   | agent-detail-component      |  91.04 kB | 
chunk-MXRJATAB.js   | integrations-list-component |  86.00 kB | 
chunk-KMHVM46P.js   | automation-detail-component |  85.78 kB | 
chunk-FPCCRPJC.js   | dashboard-component         |  76.50 kB | 
chunk-IAYM2FRF.js   | profile-component           |  76.40 kB | 
chunk-X5RZSYYY.js   | forms-list-component        |  67.98 kB | 
chunk-LSRSWFJ2.js   | meeting-room-component      |  66.68 kB | 
chunk-PR37STIC.js   | meetings-list-component     |  64.30 kB | 
chunk-QGPFC4UV.js   | search-component            |  62.54 kB | 
chunk-HBVD4THC.js   | campaign-create-component   |  56.25 kB | 
...and 53 more lazy chunks files. Use "--verbose" to show all the files.

Application bundle generation complete. [5.167 seconds] - 2026-09-08T07:49:12.120Z

Watch mode enabled. Watching for file changes...
NOTE: Raw file sizes do not reflect development server per-request transformations.
  ➜  Local:   http://localhost:5000/
❯ Changes detected. Rebuilding...
✔ Changes detected. Rebuilding...
Initial chunk files | Names           | Raw size
main.js             | main            | 41.97 kB | 

Lazy chunk files    | Names           | Raw size
chunk-AWT5SQAE.js   | login-component | 32.77 kB | 

Application bundle generation complete. [2.889 seconds] - 2026-09-08T07:50:11.566Z

Page reload sent to client(s).
